// Jest Snapshot v1, https://goo.gl/fbAQLP

exports[`FullInformationCardLoader should take a snapshot 1`] = `
<div>
  <div
    class="sc-qZrbh gHMCpY"
    data-testid="property-gallery-loader"
  >
    <span
      class="MuiSkeleton-root MuiSkeleton-rectangular MuiSkeleton-pulse css-153n0d3-MuiSkeleton-root"
      data-testid="main-photo"
      style="height: 600px;"
    />
    <div
      class="sc-irLvIq gVQkQG"
    >
      <span
        class="MuiSkeleton-root MuiSkeleton-rectangular MuiSkeleton-pulse css-153n0d3-MuiSkeleton-root"
        data-testid="skeleton"
        style="width: 100px; height: 100px;"
      />
      <span
        class="MuiSkeleton-root MuiSkeleton-rectangular MuiSkeleton-pulse css-153n0d3-MuiSkeleton-root"
        data-testid="skeleton"
        style="width: 100px; height: 100px;"
      />
      <span
        class="MuiSkeleton-root MuiSkeleton-rectangular MuiSkeleton-pulse css-153n0d3-MuiSkeleton-root"
        data-testid="skeleton"
        style="width: 100px; height: 100px;"
      />
      <span
        class="MuiSkeleton-root MuiSkeleton-rectangular MuiSkeleton-pulse css-153n0d3-MuiSkeleton-root"
        data-testid="skeleton"
        style="width: 100px; height: 100px;"
      />
      <span
        class="MuiSkeleton-root MuiSkeleton-rectangular MuiSkeleton-pulse css-153n0d3-MuiSkeleton-root"
        data-testid="skeleton"
        style="width: 100px; height: 100px;"
      />
    </div>
  </div>
</div>
`;
